 
****************************************
Report : cell
Design : FPMSeq
Version: G-2012.06-SP2
Date   : Sun Jan  1 19:40:14 2017
****************************************

Attributes:
    b - black box (unknown)
    h - hierarchical
    n - noncombinational
    p - parameterized
    r - removable
    u - contains unmapped logic

Cell                      Reference       Library             Area  Attributes
--------------------------------------------------------------------------------
multiplier                FPM                             3004.736009
                                                                    h
outA                      regN_N32_1                      181.677995
                                                                    h, n, p
regA                      regN_N32_0                      181.677995
                                                                    h, n, p
regB                      regN_N32_2                      181.677995
                                                                    h, n, p
--------------------------------------------------------------------------------
Total 4 cells                                             3549.769994
1
