Analysis & Synthesis report for TreeMultiplier
Sun Dec 24 15:41:33 2023
Quartus Prime Version 21.1.1 Build 850 06/23/2022 SJ Lite Edition


---------------------
; Table of Contents ;
---------------------
  1. Legal Notice
  2. Analysis & Synthesis Summary
  3. Analysis & Synthesis Settings
  4. Parallel Compilation
  5. Analysis & Synthesis Source Files Read
  6. Analysis & Synthesis Resource Usage Summary
  7. Analysis & Synthesis Resource Utilization by Entity
  8. General Register Statistics
  9. Parameter Settings for User Entity Instance: regN:regA
 10. Parameter Settings for User Entity Instance: regN:regB
 11. Parameter Settings for User Entity Instance: regN:outA
 12. Port Connectivity Checks: "TM:multiplier|CRAdder_64:CRAdd"
 13. Port Connectivity Checks: "TM:multiplier|BWAdder:adder_7"
 14. Port Connectivity Checks: "TM:multiplier|BWAdder:level1[20].adder"
 15. Port Connectivity Checks: "TM:multiplier|BWAdder:level1[19].adder"
 16. Port Connectivity Checks: "TM:multiplier|BWAdder:level1[18].adder"
 17. Port Connectivity Checks: "TM:multiplier|BWAdder:level1[17].adder"
 18. Port Connectivity Checks: "TM:multiplier|BWAdder:level1[16].adder"
 19. Port Connectivity Checks: "TM:multiplier|BWAdder:level1[15].adder"
 20. Port Connectivity Checks: "TM:multiplier|BWAdder:level1[14].adder"
 21. Port Connectivity Checks: "TM:multiplier|BWAdder:level1[13].adder"
 22. Port Connectivity Checks: "TM:multiplier|BWAdder:level1[12].adder"
 23. Port Connectivity Checks: "TM:multiplier|BWAdder:level1[11].adder"
 24. Port Connectivity Checks: "TM:multiplier|BWAdder:level1[10].adder"
 25. Port Connectivity Checks: "TM:multiplier|BWAdder:level1[9].adder"
 26. Port Connectivity Checks: "TM:multiplier|BWAdder:level1[8].adder"
 27. Port Connectivity Checks: "TM:multiplier|BWAdder:level1[7].adder"
 28. Port Connectivity Checks: "TM:multiplier|BWAdder:level1[6].adder"
 29. Port Connectivity Checks: "TM:multiplier|BWAdder:level1[5].adder"
 30. Port Connectivity Checks: "TM:multiplier|BWAdder:level1[4].adder"
 31. Port Connectivity Checks: "TM:multiplier|BWAdder:level1[3].adder"
 32. Port Connectivity Checks: "TM:multiplier|BWAdder:level1[2].adder"
 33. Port Connectivity Checks: "TM:multiplier|BWAdder:level1[1].adder"
 34. Port Connectivity Checks: "TM:multiplier|BWAdder:level1[0].adder"
 35. Post-Synthesis Netlist Statistics for Top Partition
 36. Elapsed Time Per Partition
 37. Analysis & Synthesis Messages



----------------
; Legal Notice ;
----------------
Copyright (C) 2022  Intel Corporation. All rights reserved.
Your use of Intel Corporation's design tools, logic functions 
and other software and tools, and any partner logic 
functions, and any output files from any of the foregoing 
(including device programming or simulation files), and any 
associated documentation or information are expressly subject 
to the terms and conditions of the Intel Program License 
Subscription Agreement, the Intel Quartus Prime License Agreement,
the Intel FPGA IP License Agreement, or other applicable license
agreement, including, without limitation, that your use is for
the sole purpose of programming logic devices manufactured by
Intel and sold by Intel or its authorized distributors.  Please
refer to the applicable agreement for further details, at
https://fpgasoftware.intel.com/eula.



+-------------------------------------------------------------------------------+
; Analysis & Synthesis Summary                                                  ;
+---------------------------------+---------------------------------------------+
; Analysis & Synthesis Status     ; Successful - Sun Dec 24 15:41:33 2023       ;
; Quartus Prime Version           ; 21.1.1 Build 850 06/23/2022 SJ Lite Edition ;
; Revision Name                   ; TreeMultiplier                              ;
; Top-level Entity Name           ; TMSeq                                       ;
; Family                          ; Cyclone V                                   ;
; Logic utilization (in ALMs)     ; N/A                                         ;
; Total registers                 ; 128                                         ;
; Total pins                      ; 130                                         ;
; Total virtual pins              ; 0                                           ;
; Total block memory bits         ; 0                                           ;
; Total DSP Blocks                ; 0                                           ;
; Total HSSI RX PCSs              ; 0                                           ;
; Total HSSI PMA RX Deserializers ; 0                                           ;
; Total HSSI TX PCSs              ; 0                                           ;
; Total HSSI PMA TX Serializers   ; 0                                           ;
; Total PLLs                      ; 0                                           ;
; Total DLLs                      ; 0                                           ;
+---------------------------------+---------------------------------------------+


+---------------------------------------------------------------------------------------------------------------------------+
; Analysis & Synthesis Settings                                                                                             ;
+---------------------------------------------------------------------------------+--------------------+--------------------+
; Option                                                                          ; Setting            ; Default Value      ;
+---------------------------------------------------------------------------------+--------------------+--------------------+
; Device                                                                          ; 5CGTFD9E5F35C7     ;                    ;
; Top-level entity name                                                           ; TMSeq              ; TreeMultiplier     ;
; Family name                                                                     ; Cyclone V          ; Cyclone V          ;
; Use smart compilation                                                           ; Off                ; Off                ;
; Enable parallel Assembler and Timing Analyzer during compilation                ; On                 ; On                 ;
; Enable compact report table                                                     ; Off                ; Off                ;
; Restructure Multiplexers                                                        ; Auto               ; Auto               ;
; MLAB Add Timing Constraints For Mixed-Port Feed-Through Mode Setting Don't Care ; Off                ; Off                ;
; Create Debugging Nodes for IP Cores                                             ; Off                ; Off                ;
; Preserve fewer node names                                                       ; On                 ; On                 ;
; Intel FPGA IP Evaluation Mode                                                   ; Enable             ; Enable             ;
; Verilog Version                                                                 ; Verilog_2001       ; Verilog_2001       ;
; VHDL Version                                                                    ; VHDL_1993          ; VHDL_1993          ;
; State Machine Processing                                                        ; Auto               ; Auto               ;
; Safe State Machine                                                              ; Off                ; Off                ;
; Extract Verilog State Machines                                                  ; On                 ; On                 ;
; Extract VHDL State Machines                                                     ; On                 ; On                 ;
; Ignore Verilog initial constructs                                               ; Off                ; Off                ;
; Iteration limit for constant Verilog loops                                      ; 5000               ; 5000               ;
; Iteration limit for non-constant Verilog loops                                  ; 250                ; 250                ;
; Add Pass-Through Logic to Inferred RAMs                                         ; On                 ; On                 ;
; Infer RAMs from Raw Logic                                                       ; On                 ; On                 ;
; Parallel Synthesis                                                              ; On                 ; On                 ;
; DSP Block Balancing                                                             ; Auto               ; Auto               ;
; NOT Gate Push-Back                                                              ; On                 ; On                 ;
; Power-Up Don't Care                                                             ; On                 ; On                 ;
; Remove Redundant Logic Cells                                                    ; Off                ; Off                ;
; Remove Duplicate Registers                                                      ; On                 ; On                 ;
; Ignore CARRY Buffers                                                            ; Off                ; Off                ;
; Ignore CASCADE Buffers                                                          ; Off                ; Off                ;
; Ignore GLOBAL Buffers                                                           ; Off                ; Off                ;
; Ignore ROW GLOBAL Buffers                                                       ; Off                ; Off                ;
; Ignore LCELL Buffers                                                            ; Off                ; Off                ;
; Ignore SOFT Buffers                                                             ; On                 ; On                 ;
; Limit AHDL Integers to 32 Bits                                                  ; Off                ; Off                ;
; Optimization Technique                                                          ; Balanced           ; Balanced           ;
; Carry Chain Length                                                              ; 70                 ; 70                 ;
; Auto Carry Chains                                                               ; On                 ; On                 ;
; Auto Open-Drain Pins                                                            ; On                 ; On                 ;
; Perform WYSIWYG Primitive Resynthesis                                           ; Off                ; Off                ;
; Auto ROM Replacement                                                            ; On                 ; On                 ;
; Auto RAM Replacement                                                            ; On                 ; On                 ;
; Auto DSP Block Replacement                                                      ; On                 ; On                 ;
; Auto Shift Register Replacement                                                 ; Auto               ; Auto               ;
; Allow Shift Register Merging across Hierarchies                                 ; Auto               ; Auto               ;
; Auto Clock Enable Replacement                                                   ; On                 ; On                 ;
; Strict RAM Replacement                                                          ; Off                ; Off                ;
; Allow Synchronous Control Signals                                               ; On                 ; On                 ;
; Force Use of Synchronous Clear Signals                                          ; Off                ; Off                ;
; Auto Resource Sharing                                                           ; Off                ; Off                ;
; Allow Any RAM Size For Recognition                                              ; Off                ; Off                ;
; Allow Any ROM Size For Recognition                                              ; Off                ; Off                ;
; Allow Any Shift Register Size For Recognition                                   ; Off                ; Off                ;
; Use LogicLock Constraints during Resource Balancing                             ; On                 ; On                 ;
; Ignore translate_off and synthesis_off directives                               ; Off                ; Off                ;
; Timing-Driven Synthesis                                                         ; On                 ; On                 ;
; Report Parameter Settings                                                       ; On                 ; On                 ;
; Report Source Assignments                                                       ; On                 ; On                 ;
; Report Connectivity Checks                                                      ; On                 ; On                 ;
; Ignore Maximum Fan-Out Assignments                                              ; Off                ; Off                ;
; Synchronization Register Chain Length                                           ; 3                  ; 3                  ;
; Power Optimization During Synthesis                                             ; Normal compilation ; Normal compilation ;
; HDL message level                                                               ; Level2             ; Level2             ;
; Suppress Register Optimization Related Messages                                 ; Off                ; Off                ;
; Number of Removed Registers Reported in Synthesis Report                        ; 5000               ; 5000               ;
; Number of Swept Nodes Reported in Synthesis Report                              ; 5000               ; 5000               ;
; Number of Inverted Registers Reported in Synthesis Report                       ; 100                ; 100                ;
; Clock MUX Protection                                                            ; On                 ; On                 ;
; Auto Gated Clock Conversion                                                     ; Off                ; Off                ;
; Block Design Naming                                                             ; Auto               ; Auto               ;
; SDC constraint protection                                                       ; Off                ; Off                ;
; Synthesis Effort                                                                ; Auto               ; Auto               ;
; Shift Register Replacement - Allow Asynchronous Clear Signal                    ; On                 ; On                 ;
; Pre-Mapping Resynthesis Optimization                                            ; Off                ; Off                ;
; Analysis & Synthesis Message Level                                              ; Medium             ; Medium             ;
; Disable Register Merging Across Hierarchies                                     ; Auto               ; Auto               ;
; Resource Aware Inference For Block RAM                                          ; On                 ; On                 ;
; Automatic Parallel Synthesis                                                    ; On                 ; On                 ;
; Partial Reconfiguration Bitstream ID                                            ; Off                ; Off                ;
+---------------------------------------------------------------------------------+--------------------+--------------------+


+------------------------------------------+
; Parallel Compilation                     ;
+----------------------------+-------------+
; Processors                 ; Number      ;
+----------------------------+-------------+
; Number detected on machine ; 12          ;
; Maximum allowed            ; 12          ;
;                            ;             ;
; Average used               ; 1.00        ;
; Maximum used               ; 12          ;
;                            ;             ;
; Usage by Processor         ; % Time Used ;
;     Processor 1            ; 100.0%      ;
;     Processor 2            ;   0.0%      ;
;     Processor 3            ;   0.0%      ;
;     Processor 4            ;   0.0%      ;
;     Processor 5            ;   0.0%      ;
;     Processor 6            ;   0.0%      ;
;     Processor 7            ;   0.0%      ;
;     Processor 8            ;   0.0%      ;
;     Processors 9-12        ;   0.0%      ;
+----------------------------+-------------+


+--------------------------------------------------------------------------------------------------------------------------------------------------------------+
; Analysis & Synthesis Source Files Read                                                                                                                       ;
+----------------------------------+-----------------+------------------------+----------------------------------------------------------------------+---------+
; File Name with User-Entered Path ; Used in Netlist ; File Type              ; File Name with Absolute Path                                         ; Library ;
+----------------------------------+-----------------+------------------------+----------------------------------------------------------------------+---------+
; TMSeq.v                          ; yes             ; User Verilog HDL File  ; C:/Users/sofa5/Desktop/VLSI/Multipliers/Tree Multiplier/TMSeq.v      ;         ;
; regN.v                           ; yes             ; User Verilog HDL File  ; C:/Users/sofa5/Desktop/VLSI/Multipliers/Tree Multiplier/regN.v       ;         ;
; FullAdder.v                      ; yes             ; User Verilog HDL File  ; C:/Users/sofa5/Desktop/VLSI/Multipliers/Tree Multiplier/FullAdder.v  ;         ;
; CRAdder_64.v                     ; yes             ; User Verilog HDL File  ; C:/Users/sofa5/Desktop/VLSI/Multipliers/Tree Multiplier/CRAdder_64.v ;         ;
; BWAdder.v                        ; yes             ; User Verilog HDL File  ; C:/Users/sofa5/Desktop/VLSI/Multipliers/Tree Multiplier/BWAdder.v    ;         ;
; TM.v                             ; yes             ; User Verilog HDL File  ; C:/Users/sofa5/Desktop/VLSI/Multipliers/Tree Multiplier/TM.v         ;         ;
+----------------------------------+-----------------+------------------------+----------------------------------------------------------------------+---------+


+-----------------------------------------------------------------+
; Analysis & Synthesis Resource Usage Summary                     ;
+---------------------------------------------+-------------------+
; Resource                                    ; Usage             ;
+---------------------------------------------+-------------------+
; Estimate of Logic utilization (ALMs needed) ; 2094              ;
;                                             ;                   ;
; Combinational ALUT usage for logic          ; 3414              ;
;     -- 7 input functions                    ; 0                 ;
;     -- 6 input functions                    ; 765               ;
;     -- 5 input functions                    ; 615               ;
;     -- 4 input functions                    ; 393               ;
;     -- <=3 input functions                  ; 1641              ;
;                                             ;                   ;
; Dedicated logic registers                   ; 128               ;
;                                             ;                   ;
; I/O pins                                    ; 130               ;
;                                             ;                   ;
; Total DSP Blocks                            ; 0                 ;
;                                             ;                   ;
; Maximum fan-out node                        ; regN:regB|out[31] ;
; Maximum fan-out                             ; 131               ;
; Total fan-out                               ; 14342             ;
; Average fan-out                             ; 3.77              ;
+---------------------------------------------+-------------------+


+----------------------------------------------------------------------------------------------------------------------------------------------------------------------------------------------------------------------------------------------+
; Analysis & Synthesis Resource Utilization by Entity                                                                                                                                                                                          ;
+--------------------------------------+---------------------+---------------------------+-------------------+------------+------+--------------+-----------------------------------------------------------------+-------------+--------------+
; Compilation Hierarchy Node           ; Combinational ALUTs ; Dedicated Logic Registers ; Block Memory Bits ; DSP Blocks ; Pins ; Virtual Pins ; Full Hierarchy Name                                             ; Entity Name ; Library Name ;
+--------------------------------------+---------------------+---------------------------+-------------------+------------+------+--------------+-----------------------------------------------------------------+-------------+--------------+
; |TMSeq                               ; 3414 (0)            ; 128 (0)                   ; 0                 ; 0          ; 130  ; 0            ; |TMSeq                                                          ; TMSeq       ; work         ;
;    |TM:multiplier|                   ; 3414 (10)           ; 0 (0)                     ; 0                 ; 0          ; 0    ; 0            ; |TMSeq|TM:multiplier                                            ; TM          ; work         ;
;       |BWAdder:adder_0|              ; 77 (77)             ; 0 (0)                     ; 0                 ; 0          ; 0    ; 0            ; |TMSeq|TM:multiplier|BWAdder:adder_0                            ; BWAdder     ; work         ;
;       |BWAdder:adder_1|              ; 85 (85)             ; 0 (0)                     ; 0                 ; 0          ; 0    ; 0            ; |TMSeq|TM:multiplier|BWAdder:adder_1                            ; BWAdder     ; work         ;
;       |BWAdder:adder_2|              ; 61 (61)             ; 0 (0)                     ; 0                 ; 0          ; 0    ; 0            ; |TMSeq|TM:multiplier|BWAdder:adder_2                            ; BWAdder     ; work         ;
;       |BWAdder:adder_3|              ; 88 (88)             ; 0 (0)                     ; 0                 ; 0          ; 0    ; 0            ; |TMSeq|TM:multiplier|BWAdder:adder_3                            ; BWAdder     ; work         ;
;       |BWAdder:adder_4|              ; 87 (87)             ; 0 (0)                     ; 0                 ; 0          ; 0    ; 0            ; |TMSeq|TM:multiplier|BWAdder:adder_4                            ; BWAdder     ; work         ;
;       |BWAdder:adder_5|              ; 106 (106)           ; 0 (0)                     ; 0                 ; 0          ; 0    ; 0            ; |TMSeq|TM:multiplier|BWAdder:adder_5                            ; BWAdder     ; work         ;
;       |BWAdder:adder_6|              ; 87 (87)             ; 0 (0)                     ; 0                 ; 0          ; 0    ; 0            ; |TMSeq|TM:multiplier|BWAdder:adder_6                            ; BWAdder     ; work         ;
;       |BWAdder:adder_7|              ; 84 (84)             ; 0 (0)                     ; 0                 ; 0          ; 0    ; 0            ; |TMSeq|TM:multiplier|BWAdder:adder_7                            ; BWAdder     ; work         ;
;       |BWAdder:adder|                ; 6 (6)               ; 0 (0)                     ; 0                 ; 0          ; 0    ; 0            ; |TMSeq|TM:multiplier|BWAdder:adder                              ; BWAdder     ; work         ;
;       |BWAdder:level1[0].adder|      ; 64 (64)             ; 0 (0)                     ; 0                 ; 0          ; 0    ; 0            ; |TMSeq|TM:multiplier|BWAdder:level1[0].adder                    ; BWAdder     ; work         ;
;       |BWAdder:level1[10].adder|     ; 60 (60)             ; 0 (0)                     ; 0                 ; 0          ; 0    ; 0            ; |TMSeq|TM:multiplier|BWAdder:level1[10].adder                   ; BWAdder     ; work         ;
;       |BWAdder:level1[11].adder|     ; 53 (53)             ; 0 (0)                     ; 0                 ; 0          ; 0    ; 0            ; |TMSeq|TM:multiplier|BWAdder:level1[11].adder                   ; BWAdder     ; work         ;
;       |BWAdder:level1[1].adder|      ; 64 (64)             ; 0 (0)                     ; 0                 ; 0          ; 0    ; 0            ; |TMSeq|TM:multiplier|BWAdder:level1[1].adder                    ; BWAdder     ; work         ;
;       |BWAdder:level1[2].adder|      ; 64 (64)             ; 0 (0)                     ; 0                 ; 0          ; 0    ; 0            ; |TMSeq|TM:multiplier|BWAdder:level1[2].adder                    ; BWAdder     ; work         ;
;       |BWAdder:level1[3].adder|      ; 66 (66)             ; 0 (0)                     ; 0                 ; 0          ; 0    ; 0            ; |TMSeq|TM:multiplier|BWAdder:level1[3].adder                    ; BWAdder     ; work         ;
;       |BWAdder:level1[4].adder|      ; 64 (64)             ; 0 (0)                     ; 0                 ; 0          ; 0    ; 0            ; |TMSeq|TM:multiplier|BWAdder:level1[4].adder                    ; BWAdder     ; work         ;
;       |BWAdder:level1[5].adder|      ; 63 (63)             ; 0 (0)                     ; 0                 ; 0          ; 0    ; 0            ; |TMSeq|TM:multiplier|BWAdder:level1[5].adder                    ; BWAdder     ; work         ;
;       |BWAdder:level1[6].adder|      ; 66 (66)             ; 0 (0)                     ; 0                 ; 0          ; 0    ; 0            ; |TMSeq|TM:multiplier|BWAdder:level1[6].adder                    ; BWAdder     ; work         ;
;       |BWAdder:level1[7].adder|      ; 62 (62)             ; 0 (0)                     ; 0                 ; 0          ; 0    ; 0            ; |TMSeq|TM:multiplier|BWAdder:level1[7].adder                    ; BWAdder     ; work         ;
;       |BWAdder:level1[8].adder|      ; 64 (64)             ; 0 (0)                     ; 0                 ; 0          ; 0    ; 0            ; |TMSeq|TM:multiplier|BWAdder:level1[8].adder                    ; BWAdder     ; work         ;
;       |BWAdder:level1[9].adder|      ; 65 (65)             ; 0 (0)                     ; 0                 ; 0          ; 0    ; 0            ; |TMSeq|TM:multiplier|BWAdder:level1[9].adder                    ; BWAdder     ; work         ;
;       |BWAdder:level2_a[0].adder|    ; 64 (64)             ; 0 (0)                     ; 0                 ; 0          ; 0    ; 0            ; |TMSeq|TM:multiplier|BWAdder:level2_a[0].adder                  ; BWAdder     ; work         ;
;       |BWAdder:level2_a[1].adder|    ; 66 (66)             ; 0 (0)                     ; 0                 ; 0          ; 0    ; 0            ; |TMSeq|TM:multiplier|BWAdder:level2_a[1].adder                  ; BWAdder     ; work         ;
;       |BWAdder:level2_a[2].adder|    ; 73 (73)             ; 0 (0)                     ; 0                 ; 0          ; 0    ; 0            ; |TMSeq|TM:multiplier|BWAdder:level2_a[2].adder                  ; BWAdder     ; work         ;
;       |BWAdder:level2_a[3].adder|    ; 65 (65)             ; 0 (0)                     ; 0                 ; 0          ; 0    ; 0            ; |TMSeq|TM:multiplier|BWAdder:level2_a[3].adder                  ; BWAdder     ; work         ;
;       |BWAdder:level2_a[4].adder|    ; 28 (28)             ; 0 (0)                     ; 0                 ; 0          ; 0    ; 0            ; |TMSeq|TM:multiplier|BWAdder:level2_a[4].adder                  ; BWAdder     ; work         ;
;       |BWAdder:level2_b[0].adder|    ; 25 (25)             ; 0 (0)                     ; 0                 ; 0          ; 0    ; 0            ; |TMSeq|TM:multiplier|BWAdder:level2_b[0].adder                  ; BWAdder     ; work         ;
;       |BWAdder:level2_b[1].adder|    ; 31 (31)             ; 0 (0)                     ; 0                 ; 0          ; 0    ; 0            ; |TMSeq|TM:multiplier|BWAdder:level2_b[1].adder                  ; BWAdder     ; work         ;
;       |BWAdder:level2_b[2].adder|    ; 66 (66)             ; 0 (0)                     ; 0                 ; 0          ; 0    ; 0            ; |TMSeq|TM:multiplier|BWAdder:level2_b[2].adder                  ; BWAdder     ; work         ;
;       |BWAdder:level2_b[3].adder|    ; 60 (60)             ; 0 (0)                     ; 0                 ; 0          ; 0    ; 0            ; |TMSeq|TM:multiplier|BWAdder:level2_b[3].adder                  ; BWAdder     ; work         ;
;       |BWAdder:level2_b[4].adder|    ; 27 (27)             ; 0 (0)                     ; 0                 ; 0          ; 0    ; 0            ; |TMSeq|TM:multiplier|BWAdder:level2_b[4].adder                  ; BWAdder     ; work         ;
;       |BWAdder:level3_a[0].adder|    ; 45 (45)             ; 0 (0)                     ; 0                 ; 0          ; 0    ; 0            ; |TMSeq|TM:multiplier|BWAdder:level3_a[0].adder                  ; BWAdder     ; work         ;
;       |BWAdder:level3_a[1].adder|    ; 54 (54)             ; 0 (0)                     ; 0                 ; 0          ; 0    ; 0            ; |TMSeq|TM:multiplier|BWAdder:level3_a[1].adder                  ; BWAdder     ; work         ;
;       |BWAdder:level3_a[2].adder|    ; 77 (77)             ; 0 (0)                     ; 0                 ; 0          ; 0    ; 0            ; |TMSeq|TM:multiplier|BWAdder:level3_a[2].adder                  ; BWAdder     ; work         ;
;       |BWAdder:level3_a[3].adder|    ; 68 (68)             ; 0 (0)                     ; 0                 ; 0          ; 0    ; 0            ; |TMSeq|TM:multiplier|BWAdder:level3_a[3].adder                  ; BWAdder     ; work         ;
;       |BWAdder:level3_b[0].adder|    ; 71 (71)             ; 0 (0)                     ; 0                 ; 0          ; 0    ; 0            ; |TMSeq|TM:multiplier|BWAdder:level3_b[0].adder                  ; BWAdder     ; work         ;
;       |BWAdder:level3_b[1].adder|    ; 46 (46)             ; 0 (0)                     ; 0                 ; 0          ; 0    ; 0            ; |TMSeq|TM:multiplier|BWAdder:level3_b[1].adder                  ; BWAdder     ; work         ;
;       |BWAdder:level3_b[2].adder|    ; 73 (73)             ; 0 (0)                     ; 0                 ; 0          ; 0    ; 0            ; |TMSeq|TM:multiplier|BWAdder:level3_b[2].adder                  ; BWAdder     ; work         ;
;       |BWAdder:level3_b[3].adder|    ; 59 (59)             ; 0 (0)                     ; 0                 ; 0          ; 0    ; 0            ; |TMSeq|TM:multiplier|BWAdder:level3_b[3].adder                  ; BWAdder     ; work         ;
;       |BWAdder:level4_a[0].adder|    ; 100 (100)           ; 0 (0)                     ; 0                 ; 0          ; 0    ; 0            ; |TMSeq|TM:multiplier|BWAdder:level4_a[0].adder                  ; BWAdder     ; work         ;
;       |BWAdder:level4_a[1].adder|    ; 81 (81)             ; 0 (0)                     ; 0                 ; 0          ; 0    ; 0            ; |TMSeq|TM:multiplier|BWAdder:level4_a[1].adder                  ; BWAdder     ; work         ;
;       |BWAdder:level4_a[2].adder|    ; 76 (76)             ; 0 (0)                     ; 0                 ; 0          ; 0    ; 0            ; |TMSeq|TM:multiplier|BWAdder:level4_a[2].adder                  ; BWAdder     ; work         ;
;       |BWAdder:level4_b[0].adder|    ; 91 (91)             ; 0 (0)                     ; 0                 ; 0          ; 0    ; 0            ; |TMSeq|TM:multiplier|BWAdder:level4_b[0].adder                  ; BWAdder     ; work         ;
;       |BWAdder:level4_b[1].adder|    ; 63 (63)             ; 0 (0)                     ; 0                 ; 0          ; 0    ; 0            ; |TMSeq|TM:multiplier|BWAdder:level4_b[1].adder                  ; BWAdder     ; work         ;
;       |BWAdder:level4_b[2].adder|    ; 57 (57)             ; 0 (0)                     ; 0                 ; 0          ; 0    ; 0            ; |TMSeq|TM:multiplier|BWAdder:level4_b[2].adder                  ; BWAdder     ; work         ;
;       |BWAdder:level5_a[0].adder|    ; 108 (108)           ; 0 (0)                     ; 0                 ; 0          ; 0    ; 0            ; |TMSeq|TM:multiplier|BWAdder:level5_a[0].adder                  ; BWAdder     ; work         ;
;       |BWAdder:level5_a[1].adder|    ; 96 (96)             ; 0 (0)                     ; 0                 ; 0          ; 0    ; 0            ; |TMSeq|TM:multiplier|BWAdder:level5_a[1].adder                  ; BWAdder     ; work         ;
;       |BWAdder:level5_b[0].adder|    ; 79 (79)             ; 0 (0)                     ; 0                 ; 0          ; 0    ; 0            ; |TMSeq|TM:multiplier|BWAdder:level5_b[0].adder                  ; BWAdder     ; work         ;
;       |BWAdder:level5_b[1].adder|    ; 58 (58)             ; 0 (0)                     ; 0                 ; 0          ; 0    ; 0            ; |TMSeq|TM:multiplier|BWAdder:level5_b[1].adder                  ; BWAdder     ; work         ;
;       |CRAdder_64:CRAdd|             ; 161 (0)             ; 0 (0)                     ; 0                 ; 0          ; 0    ; 0            ; |TMSeq|TM:multiplier|CRAdder_64:CRAdd                           ; CRAdder_64  ; work         ;
;          |FullAdder:bit63|           ; 45 (45)             ; 0 (0)                     ; 0                 ; 0          ; 0    ; 0            ; |TMSeq|TM:multiplier|CRAdder_64:CRAdd|FullAdder:bit63           ; FullAdder   ; work         ;
;          |FullAdder:bit_gen[10].bit| ; 2 (2)               ; 0 (0)                     ; 0                 ; 0          ; 0    ; 0            ; |TMSeq|TM:multiplier|CRAdder_64:CRAdd|FullAdder:bit_gen[10].bit ; FullAdder   ; work         ;
;          |FullAdder:bit_gen[11].bit| ; 2 (2)               ; 0 (0)                     ; 0                 ; 0          ; 0    ; 0            ; |TMSeq|TM:multiplier|CRAdder_64:CRAdd|FullAdder:bit_gen[11].bit ; FullAdder   ; work         ;
;          |FullAdder:bit_gen[12].bit| ; 1 (1)               ; 0 (0)                     ; 0                 ; 0          ; 0    ; 0            ; |TMSeq|TM:multiplier|CRAdder_64:CRAdd|FullAdder:bit_gen[12].bit ; FullAdder   ; work         ;
;          |FullAdder:bit_gen[13].bit| ; 5 (5)               ; 0 (0)                     ; 0                 ; 0          ; 0    ; 0            ; |TMSeq|TM:multiplier|CRAdder_64:CRAdd|FullAdder:bit_gen[13].bit ; FullAdder   ; work         ;
;          |FullAdder:bit_gen[14].bit| ; 1 (1)               ; 0 (0)                     ; 0                 ; 0          ; 0    ; 0            ; |TMSeq|TM:multiplier|CRAdder_64:CRAdd|FullAdder:bit_gen[14].bit ; FullAdder   ; work         ;
;          |FullAdder:bit_gen[15].bit| ; 2 (2)               ; 0 (0)                     ; 0                 ; 0          ; 0    ; 0            ; |TMSeq|TM:multiplier|CRAdder_64:CRAdd|FullAdder:bit_gen[15].bit ; FullAdder   ; work         ;
;          |FullAdder:bit_gen[16].bit| ; 2 (2)               ; 0 (0)                     ; 0                 ; 0          ; 0    ; 0            ; |TMSeq|TM:multiplier|CRAdder_64:CRAdd|FullAdder:bit_gen[16].bit ; FullAdder   ; work         ;
;          |FullAdder:bit_gen[17].bit| ; 1 (1)               ; 0 (0)                     ; 0                 ; 0          ; 0    ; 0            ; |TMSeq|TM:multiplier|CRAdder_64:CRAdd|FullAdder:bit_gen[17].bit ; FullAdder   ; work         ;
;          |FullAdder:bit_gen[18].bit| ; 5 (5)               ; 0 (0)                     ; 0                 ; 0          ; 0    ; 0            ; |TMSeq|TM:multiplier|CRAdder_64:CRAdd|FullAdder:bit_gen[18].bit ; FullAdder   ; work         ;
;          |FullAdder:bit_gen[19].bit| ; 1 (1)               ; 0 (0)                     ; 0                 ; 0          ; 0    ; 0            ; |TMSeq|TM:multiplier|CRAdder_64:CRAdd|FullAdder:bit_gen[19].bit ; FullAdder   ; work         ;
;          |FullAdder:bit_gen[20].bit| ; 2 (2)               ; 0 (0)                     ; 0                 ; 0          ; 0    ; 0            ; |TMSeq|TM:multiplier|CRAdder_64:CRAdd|FullAdder:bit_gen[20].bit ; FullAdder   ; work         ;
;          |FullAdder:bit_gen[21].bit| ; 2 (2)               ; 0 (0)                     ; 0                 ; 0          ; 0    ; 0            ; |TMSeq|TM:multiplier|CRAdder_64:CRAdd|FullAdder:bit_gen[21].bit ; FullAdder   ; work         ;
;          |FullAdder:bit_gen[22].bit| ; 3 (3)               ; 0 (0)                     ; 0                 ; 0          ; 0    ; 0            ; |TMSeq|TM:multiplier|CRAdder_64:CRAdd|FullAdder:bit_gen[22].bit ; FullAdder   ; work         ;
;          |FullAdder:bit_gen[23].bit| ; 5 (5)               ; 0 (0)                     ; 0                 ; 0          ; 0    ; 0            ; |TMSeq|TM:multiplier|CRAdder_64:CRAdd|FullAdder:bit_gen[23].bit ; FullAdder   ; work         ;
;          |FullAdder:bit_gen[24].bit| ; 1 (1)               ; 0 (0)                     ; 0                 ; 0          ; 0    ; 0            ; |TMSeq|TM:multiplier|CRAdder_64:CRAdd|FullAdder:bit_gen[24].bit ; FullAdder   ; work         ;
;          |FullAdder:bit_gen[25].bit| ; 2 (2)               ; 0 (0)                     ; 0                 ; 0          ; 0    ; 0            ; |TMSeq|TM:multiplier|CRAdder_64:CRAdd|FullAdder:bit_gen[25].bit ; FullAdder   ; work         ;
;          |FullAdder:bit_gen[26].bit| ; 2 (2)               ; 0 (0)                     ; 0                 ; 0          ; 0    ; 0            ; |TMSeq|TM:multiplier|CRAdder_64:CRAdd|FullAdder:bit_gen[26].bit ; FullAdder   ; work         ;
;          |FullAdder:bit_gen[27].bit| ; 3 (3)               ; 0 (0)                     ; 0                 ; 0          ; 0    ; 0            ; |TMSeq|TM:multiplier|CRAdder_64:CRAdd|FullAdder:bit_gen[27].bit ; FullAdder   ; work         ;
;          |FullAdder:bit_gen[28].bit| ; 5 (5)               ; 0 (0)                     ; 0                 ; 0          ; 0    ; 0            ; |TMSeq|TM:multiplier|CRAdder_64:CRAdd|FullAdder:bit_gen[28].bit ; FullAdder   ; work         ;
;          |FullAdder:bit_gen[29].bit| ; 1 (1)               ; 0 (0)                     ; 0                 ; 0          ; 0    ; 0            ; |TMSeq|TM:multiplier|CRAdder_64:CRAdd|FullAdder:bit_gen[29].bit ; FullAdder   ; work         ;
;          |FullAdder:bit_gen[30].bit| ; 2 (2)               ; 0 (0)                     ; 0                 ; 0          ; 0    ; 0            ; |TMSeq|TM:multiplier|CRAdder_64:CRAdd|FullAdder:bit_gen[30].bit ; FullAdder   ; work         ;
;          |FullAdder:bit_gen[31].bit| ; 2 (2)               ; 0 (0)                     ; 0                 ; 0          ; 0    ; 0            ; |TMSeq|TM:multiplier|CRAdder_64:CRAdd|FullAdder:bit_gen[31].bit ; FullAdder   ; work         ;
;          |FullAdder:bit_gen[32].bit| ; 1 (1)               ; 0 (0)                     ; 0                 ; 0          ; 0    ; 0            ; |TMSeq|TM:multiplier|CRAdder_64:CRAdd|FullAdder:bit_gen[32].bit ; FullAdder   ; work         ;
;          |FullAdder:bit_gen[33].bit| ; 5 (5)               ; 0 (0)                     ; 0                 ; 0          ; 0    ; 0            ; |TMSeq|TM:multiplier|CRAdder_64:CRAdd|FullAdder:bit_gen[33].bit ; FullAdder   ; work         ;
;          |FullAdder:bit_gen[34].bit| ; 1 (1)               ; 0 (0)                     ; 0                 ; 0          ; 0    ; 0            ; |TMSeq|TM:multiplier|CRAdder_64:CRAdd|FullAdder:bit_gen[34].bit ; FullAdder   ; work         ;
;          |FullAdder:bit_gen[35].bit| ; 2 (2)               ; 0 (0)                     ; 0                 ; 0          ; 0    ; 0            ; |TMSeq|TM:multiplier|CRAdder_64:CRAdd|FullAdder:bit_gen[35].bit ; FullAdder   ; work         ;
;          |FullAdder:bit_gen[36].bit| ; 2 (2)               ; 0 (0)                     ; 0                 ; 0          ; 0    ; 0            ; |TMSeq|TM:multiplier|CRAdder_64:CRAdd|FullAdder:bit_gen[36].bit ; FullAdder   ; work         ;
;          |FullAdder:bit_gen[37].bit| ; 1 (1)               ; 0 (0)                     ; 0                 ; 0          ; 0    ; 0            ; |TMSeq|TM:multiplier|CRAdder_64:CRAdd|FullAdder:bit_gen[37].bit ; FullAdder   ; work         ;
;          |FullAdder:bit_gen[38].bit| ; 5 (5)               ; 0 (0)                     ; 0                 ; 0          ; 0    ; 0            ; |TMSeq|TM:multiplier|CRAdder_64:CRAdd|FullAdder:bit_gen[38].bit ; FullAdder   ; work         ;
;          |FullAdder:bit_gen[39].bit| ; 1 (1)               ; 0 (0)                     ; 0                 ; 0          ; 0    ; 0            ; |TMSeq|TM:multiplier|CRAdder_64:CRAdd|FullAdder:bit_gen[39].bit ; FullAdder   ; work         ;
;          |FullAdder:bit_gen[40].bit| ; 2 (2)               ; 0 (0)                     ; 0                 ; 0          ; 0    ; 0            ; |TMSeq|TM:multiplier|CRAdder_64:CRAdd|FullAdder:bit_gen[40].bit ; FullAdder   ; work         ;
;          |FullAdder:bit_gen[41].bit| ; 2 (2)               ; 0 (0)                     ; 0                 ; 0          ; 0    ; 0            ; |TMSeq|TM:multiplier|CRAdder_64:CRAdd|FullAdder:bit_gen[41].bit ; FullAdder   ; work         ;
;          |FullAdder:bit_gen[42].bit| ; 1 (1)               ; 0 (0)                     ; 0                 ; 0          ; 0    ; 0            ; |TMSeq|TM:multiplier|CRAdder_64:CRAdd|FullAdder:bit_gen[42].bit ; FullAdder   ; work         ;
;          |FullAdder:bit_gen[43].bit| ; 5 (5)               ; 0 (0)                     ; 0                 ; 0          ; 0    ; 0            ; |TMSeq|TM:multiplier|CRAdder_64:CRAdd|FullAdder:bit_gen[43].bit ; FullAdder   ; work         ;
;          |FullAdder:bit_gen[44].bit| ; 1 (1)               ; 0 (0)                     ; 0                 ; 0          ; 0    ; 0            ; |TMSeq|TM:multiplier|CRAdder_64:CRAdd|FullAdder:bit_gen[44].bit ; FullAdder   ; work         ;
;          |FullAdder:bit_gen[45].bit| ; 2 (2)               ; 0 (0)                     ; 0                 ; 0          ; 0    ; 0            ; |TMSeq|TM:multiplier|CRAdder_64:CRAdd|FullAdder:bit_gen[45].bit ; FullAdder   ; work         ;
;          |FullAdder:bit_gen[46].bit| ; 1 (1)               ; 0 (0)                     ; 0                 ; 0          ; 0    ; 0            ; |TMSeq|TM:multiplier|CRAdder_64:CRAdd|FullAdder:bit_gen[46].bit ; FullAdder   ; work         ;
;          |FullAdder:bit_gen[47].bit| ; 1 (1)               ; 0 (0)                     ; 0                 ; 0          ; 0    ; 0            ; |TMSeq|TM:multiplier|CRAdder_64:CRAdd|FullAdder:bit_gen[47].bit ; FullAdder   ; work         ;
;          |FullAdder:bit_gen[48].bit| ; 4 (4)               ; 0 (0)                     ; 0                 ; 0          ; 0    ; 0            ; |TMSeq|TM:multiplier|CRAdder_64:CRAdd|FullAdder:bit_gen[48].bit ; FullAdder   ; work         ;
;          |FullAdder:bit_gen[49].bit| ; 1 (1)               ; 0 (0)                     ; 0                 ; 0          ; 0    ; 0            ; |TMSeq|TM:multiplier|CRAdder_64:CRAdd|FullAdder:bit_gen[49].bit ; FullAdder   ; work         ;
;          |FullAdder:bit_gen[50].bit| ; 2 (2)               ; 0 (0)                     ; 0                 ; 0          ; 0    ; 0            ; |TMSeq|TM:multiplier|CRAdder_64:CRAdd|FullAdder:bit_gen[50].bit ; FullAdder   ; work         ;
;          |FullAdder:bit_gen[51].bit| ; 1 (1)               ; 0 (0)                     ; 0                 ; 0          ; 0    ; 0            ; |TMSeq|TM:multiplier|CRAdder_64:CRAdd|FullAdder:bit_gen[51].bit ; FullAdder   ; work         ;
;          |FullAdder:bit_gen[52].bit| ; 1 (1)               ; 0 (0)                     ; 0                 ; 0          ; 0    ; 0            ; |TMSeq|TM:multiplier|CRAdder_64:CRAdd|FullAdder:bit_gen[52].bit ; FullAdder   ; work         ;
;          |FullAdder:bit_gen[53].bit| ; 4 (4)               ; 0 (0)                     ; 0                 ; 0          ; 0    ; 0            ; |TMSeq|TM:multiplier|CRAdder_64:CRAdd|FullAdder:bit_gen[53].bit ; FullAdder   ; work         ;
;          |FullAdder:bit_gen[54].bit| ; 1 (1)               ; 0 (0)                     ; 0                 ; 0          ; 0    ; 0            ; |TMSeq|TM:multiplier|CRAdder_64:CRAdd|FullAdder:bit_gen[54].bit ; FullAdder   ; work         ;
;          |FullAdder:bit_gen[55].bit| ; 2 (2)               ; 0 (0)                     ; 0                 ; 0          ; 0    ; 0            ; |TMSeq|TM:multiplier|CRAdder_64:CRAdd|FullAdder:bit_gen[55].bit ; FullAdder   ; work         ;
;          |FullAdder:bit_gen[56].bit| ; 1 (1)               ; 0 (0)                     ; 0                 ; 0          ; 0    ; 0            ; |TMSeq|TM:multiplier|CRAdder_64:CRAdd|FullAdder:bit_gen[56].bit ; FullAdder   ; work         ;
;          |FullAdder:bit_gen[57].bit| ; 1 (1)               ; 0 (0)                     ; 0                 ; 0          ; 0    ; 0            ; |TMSeq|TM:multiplier|CRAdder_64:CRAdd|FullAdder:bit_gen[57].bit ; FullAdder   ; work         ;
;          |FullAdder:bit_gen[58].bit| ; 4 (4)               ; 0 (0)                     ; 0                 ; 0          ; 0    ; 0            ; |TMSeq|TM:multiplier|CRAdder_64:CRAdd|FullAdder:bit_gen[58].bit ; FullAdder   ; work         ;
;          |FullAdder:bit_gen[59].bit| ; 1 (1)               ; 0 (0)                     ; 0                 ; 0          ; 0    ; 0            ; |TMSeq|TM:multiplier|CRAdder_64:CRAdd|FullAdder:bit_gen[59].bit ; FullAdder   ; work         ;
;          |FullAdder:bit_gen[60].bit| ; 2 (2)               ; 0 (0)                     ; 0                 ; 0          ; 0    ; 0            ; |TMSeq|TM:multiplier|CRAdder_64:CRAdd|FullAdder:bit_gen[60].bit ; FullAdder   ; work         ;
;          |FullAdder:bit_gen[61].bit| ; 1 (1)               ; 0 (0)                     ; 0                 ; 0          ; 0    ; 0            ; |TMSeq|TM:multiplier|CRAdder_64:CRAdd|FullAdder:bit_gen[61].bit ; FullAdder   ; work         ;
;          |FullAdder:bit_gen[62].bit| ; 1 (1)               ; 0 (0)                     ; 0                 ; 0          ; 0    ; 0            ; |TMSeq|TM:multiplier|CRAdder_64:CRAdd|FullAdder:bit_gen[62].bit ; FullAdder   ; work         ;
;          |FullAdder:bit_gen[7].bit|  ; 1 (1)               ; 0 (0)                     ; 0                 ; 0          ; 0    ; 0            ; |TMSeq|TM:multiplier|CRAdder_64:CRAdd|FullAdder:bit_gen[7].bit  ; FullAdder   ; work         ;
;          |FullAdder:bit_gen[8].bit|  ; 2 (2)               ; 0 (0)                     ; 0                 ; 0          ; 0    ; 0            ; |TMSeq|TM:multiplier|CRAdder_64:CRAdd|FullAdder:bit_gen[8].bit  ; FullAdder   ; work         ;
;          |FullAdder:bit_gen[9].bit|  ; 1 (1)               ; 0 (0)                     ; 0                 ; 0          ; 0    ; 0            ; |TMSeq|TM:multiplier|CRAdder_64:CRAdd|FullAdder:bit_gen[9].bit  ; FullAdder   ; work         ;
;    |regN:outA|                       ; 0 (0)               ; 64 (64)                   ; 0                 ; 0          ; 0    ; 0            ; |TMSeq|regN:outA                                                ; regN        ; work         ;
;    |regN:regA|                       ; 0 (0)               ; 32 (32)                   ; 0                 ; 0          ; 0    ; 0            ; |TMSeq|regN:regA                                                ; regN        ; work         ;
;    |regN:regB|                       ; 0 (0)               ; 32 (32)                   ; 0                 ; 0          ; 0    ; 0            ; |TMSeq|regN:regB                                                ; regN        ; work         ;
+--------------------------------------+---------------------+---------------------------+-------------------+------------+------+--------------+-----------------------------------------------------------------+-------------+--------------+
Note: For table entries with two numbers listed, the numbers in parentheses indicate the number of resources of the given type used by the specific entity alone. The numbers listed outside of parentheses indicate the total resources of the given type used by the specific entity and all of its sub-entities in the hierarchy.


+------------------------------------------------------+
; General Register Statistics                          ;
+----------------------------------------------+-------+
; Statistic                                    ; Value ;
+----------------------------------------------+-------+
; Total registers                              ; 128   ;
; Number of registers using Synchronous Clear  ; 128   ;
; Number of registers using Synchronous Load   ; 0     ;
; Number of registers using Asynchronous Clear ; 0     ;
; Number of registers using Asynchronous Load  ; 0     ;
; Number of registers using Clock Enable       ; 0     ;
; Number of registers using Preset             ; 0     ;
+----------------------------------------------+-------+


+--------------------------------------------------------+
; Parameter Settings for User Entity Instance: regN:regA ;
+----------------+-------+-------------------------------+
; Parameter Name ; Value ; Type                          ;
+----------------+-------+-------------------------------+
; N              ; 32    ; Signed Integer                ;
+----------------+-------+-------------------------------+
Note: In order to hide this table in the UI and the text report file, please set the "Show Parameter Settings in Synthesis Report" option in "Analysis and Synthesis Settings -> More Settings" to "Off".


+--------------------------------------------------------+
; Parameter Settings for User Entity Instance: regN:regB ;
+----------------+-------+-------------------------------+
; Parameter Name ; Value ; Type                          ;
+----------------+-------+-------------------------------+
; N              ; 32    ; Signed Integer                ;
+----------------+-------+-------------------------------+
Note: In order to hide this table in the UI and the text report file, please set the "Show Parameter Settings in Synthesis Report" option in "Analysis and Synthesis Settings -> More Settings" to "Off".


+--------------------------------------------------------+
; Parameter Settings for User Entity Instance: regN:outA ;
+----------------+-------+-------------------------------+
; Parameter Name ; Value ; Type                          ;
+----------------+-------+-------------------------------+
; N              ; 64    ; Signed Integer                ;
+----------------+-------+-------------------------------+
Note: In order to hide this table in the UI and the text report file, please set the "Show Parameter Settings in Synthesis Report" option in "Analysis and Synthesis Settings -> More Settings" to "Off".


+--------------------------------------------------------------------------------------------------------------------+
; Port Connectivity Checks: "TM:multiplier|CRAdder_64:CRAdd"                                                         ;
+----------+--------+----------+-------------------------------------------------------------------------------------+
; Port     ; Type   ; Severity ; Details                                                                             ;
+----------+--------+----------+-------------------------------------------------------------------------------------+
; cin      ; Input  ; Info     ; Stuck at GND                                                                        ;
; cout     ; Output ; Info     ; Connected to dangling logic. Logic that only feeds a dangling port will be removed. ;
; overflow ; Output ; Info     ; Connected to dangling logic. Logic that only feeds a dangling port will be removed. ;
+----------+--------+----------+-------------------------------------------------------------------------------------+


+-----------------------------------------------------------+
; Port Connectivity Checks: "TM:multiplier|BWAdder:adder_7" ;
+----------+-------+----------+-----------------------------+
; Port     ; Type  ; Severity ; Details                     ;
+----------+-------+----------+-----------------------------+
; b[62..0] ; Input ; Info     ; Stuck at GND                ;
+----------+-------+----------+-----------------------------+


+--------------------------------------------------------------------+
; Port Connectivity Checks: "TM:multiplier|BWAdder:level1[20].adder" ;
+----------+-------+----------+--------------------------------------+
; Port     ; Type  ; Severity ; Details                              ;
+----------+-------+----------+--------------------------------------+
; a[59..0] ; Input ; Info     ; Stuck at GND                         ;
; b[60..0] ; Input ; Info     ; Stuck at GND                         ;
; c[61..0] ; Input ; Info     ; Stuck at GND                         ;
+----------+-------+----------+--------------------------------------+


+--------------------------------------------------------------------+
; Port Connectivity Checks: "TM:multiplier|BWAdder:level1[19].adder" ;
+----------+-------+----------+--------------------------------------+
; Port     ; Type  ; Severity ; Details                              ;
+----------+-------+----------+--------------------------------------+
; a[56..0] ; Input ; Info     ; Stuck at GND                         ;
; b[57..0] ; Input ; Info     ; Stuck at GND                         ;
; c[58..0] ; Input ; Info     ; Stuck at GND                         ;
+----------+-------+----------+--------------------------------------+


+--------------------------------------------------------------------+
; Port Connectivity Checks: "TM:multiplier|BWAdder:level1[18].adder" ;
+----------+-------+----------+--------------------------------------+
; Port     ; Type  ; Severity ; Details                              ;
+----------+-------+----------+--------------------------------------+
; a[53..0] ; Input ; Info     ; Stuck at GND                         ;
; b[54..0] ; Input ; Info     ; Stuck at GND                         ;
; c[55..0] ; Input ; Info     ; Stuck at GND                         ;
+----------+-------+----------+--------------------------------------+


+--------------------------------------------------------------------+
; Port Connectivity Checks: "TM:multiplier|BWAdder:level1[17].adder" ;
+----------+-------+----------+--------------------------------------+
; Port     ; Type  ; Severity ; Details                              ;
+----------+-------+----------+--------------------------------------+
; a[50..0] ; Input ; Info     ; Stuck at GND                         ;
; b[51..0] ; Input ; Info     ; Stuck at GND                         ;
; c[52..0] ; Input ; Info     ; Stuck at GND                         ;
+----------+-------+----------+--------------------------------------+


+--------------------------------------------------------------------+
; Port Connectivity Checks: "TM:multiplier|BWAdder:level1[16].adder" ;
+----------+-------+----------+--------------------------------------+
; Port     ; Type  ; Severity ; Details                              ;
+----------+-------+----------+--------------------------------------+
; a[47..0] ; Input ; Info     ; Stuck at GND                         ;
; b[48..0] ; Input ; Info     ; Stuck at GND                         ;
; c[49..0] ; Input ; Info     ; Stuck at GND                         ;
+----------+-------+----------+--------------------------------------+


+--------------------------------------------------------------------+
; Port Connectivity Checks: "TM:multiplier|BWAdder:level1[15].adder" ;
+----------+-------+----------+--------------------------------------+
; Port     ; Type  ; Severity ; Details                              ;
+----------+-------+----------+--------------------------------------+
; a[44..0] ; Input ; Info     ; Stuck at GND                         ;
; b[45..0] ; Input ; Info     ; Stuck at GND                         ;
; c[46..0] ; Input ; Info     ; Stuck at GND                         ;
+----------+-------+----------+--------------------------------------+


+--------------------------------------------------------------------+
; Port Connectivity Checks: "TM:multiplier|BWAdder:level1[14].adder" ;
+----------+-------+----------+--------------------------------------+
; Port     ; Type  ; Severity ; Details                              ;
+----------+-------+----------+--------------------------------------+
; a[41..0] ; Input ; Info     ; Stuck at GND                         ;
; b[42..0] ; Input ; Info     ; Stuck at GND                         ;
; c[43..0] ; Input ; Info     ; Stuck at GND                         ;
+----------+-------+----------+--------------------------------------+


+--------------------------------------------------------------------+
; Port Connectivity Checks: "TM:multiplier|BWAdder:level1[13].adder" ;
+----------+-------+----------+--------------------------------------+
; Port     ; Type  ; Severity ; Details                              ;
+----------+-------+----------+--------------------------------------+
; a[38..0] ; Input ; Info     ; Stuck at GND                         ;
; b[39..0] ; Input ; Info     ; Stuck at GND                         ;
; c[40..0] ; Input ; Info     ; Stuck at GND                         ;
+----------+-------+----------+--------------------------------------+


+--------------------------------------------------------------------+
; Port Connectivity Checks: "TM:multiplier|BWAdder:level1[12].adder" ;
+----------+-------+----------+--------------------------------------+
; Port     ; Type  ; Severity ; Details                              ;
+----------+-------+----------+--------------------------------------+
; a[35..0] ; Input ; Info     ; Stuck at GND                         ;
; b[36..0] ; Input ; Info     ; Stuck at GND                         ;
; c[37..0] ; Input ; Info     ; Stuck at GND                         ;
+----------+-------+----------+--------------------------------------+


+--------------------------------------------------------------------+
; Port Connectivity Checks: "TM:multiplier|BWAdder:level1[11].adder" ;
+----------+-------+----------+--------------------------------------+
; Port     ; Type  ; Severity ; Details                              ;
+----------+-------+----------+--------------------------------------+
; a[32..0] ; Input ; Info     ; Stuck at GND                         ;
; b[33..0] ; Input ; Info     ; Stuck at GND                         ;
; c[34..0] ; Input ; Info     ; Stuck at GND                         ;
+----------+-------+----------+--------------------------------------+


+--------------------------------------------------------------------+
; Port Connectivity Checks: "TM:multiplier|BWAdder:level1[10].adder" ;
+----------+-------+----------+--------------------------------------+
; Port     ; Type  ; Severity ; Details                              ;
+----------+-------+----------+--------------------------------------+
; a[29..0] ; Input ; Info     ; Stuck at GND                         ;
; b[30..0] ; Input ; Info     ; Stuck at GND                         ;
; c[31..0] ; Input ; Info     ; Stuck at GND                         ;
+----------+-------+----------+--------------------------------------+


+-------------------------------------------------------------------+
; Port Connectivity Checks: "TM:multiplier|BWAdder:level1[9].adder" ;
+----------+-------+----------+-------------------------------------+
; Port     ; Type  ; Severity ; Details                             ;
+----------+-------+----------+-------------------------------------+
; a[26..0] ; Input ; Info     ; Stuck at GND                        ;
; b[27..0] ; Input ; Info     ; Stuck at GND                        ;
; c[28..0] ; Input ; Info     ; Stuck at GND                        ;
+----------+-------+----------+-------------------------------------+


+-------------------------------------------------------------------+
; Port Connectivity Checks: "TM:multiplier|BWAdder:level1[8].adder" ;
+----------+-------+----------+-------------------------------------+
; Port     ; Type  ; Severity ; Details                             ;
+----------+-------+----------+-------------------------------------+
; a[23..0] ; Input ; Info     ; Stuck at GND                        ;
; b[24..0] ; Input ; Info     ; Stuck at GND                        ;
; c[25..0] ; Input ; Info     ; Stuck at GND                        ;
+----------+-------+----------+-------------------------------------+


+-------------------------------------------------------------------+
; Port Connectivity Checks: "TM:multiplier|BWAdder:level1[7].adder" ;
+----------+-------+----------+-------------------------------------+
; Port     ; Type  ; Severity ; Details                             ;
+----------+-------+----------+-------------------------------------+
; a[20..0] ; Input ; Info     ; Stuck at GND                        ;
; b[21..0] ; Input ; Info     ; Stuck at GND                        ;
; c[22..0] ; Input ; Info     ; Stuck at GND                        ;
+----------+-------+----------+-------------------------------------+


+-------------------------------------------------------------------+
; Port Connectivity Checks: "TM:multiplier|BWAdder:level1[6].adder" ;
+----------+-------+----------+-------------------------------------+
; Port     ; Type  ; Severity ; Details                             ;
+----------+-------+----------+-------------------------------------+
; a[17..0] ; Input ; Info     ; Stuck at GND                        ;
; b[18..0] ; Input ; Info     ; Stuck at GND                        ;
; c[19..0] ; Input ; Info     ; Stuck at GND                        ;
+----------+-------+----------+-------------------------------------+


+-------------------------------------------------------------------+
; Port Connectivity Checks: "TM:multiplier|BWAdder:level1[5].adder" ;
+----------+-------+----------+-------------------------------------+
; Port     ; Type  ; Severity ; Details                             ;
+----------+-------+----------+-------------------------------------+
; a[14..0] ; Input ; Info     ; Stuck at GND                        ;
; b[15..0] ; Input ; Info     ; Stuck at GND                        ;
; c[16..0] ; Input ; Info     ; Stuck at GND                        ;
+----------+-------+----------+-------------------------------------+


+-------------------------------------------------------------------+
; Port Connectivity Checks: "TM:multiplier|BWAdder:level1[4].adder" ;
+----------+-------+----------+-------------------------------------+
; Port     ; Type  ; Severity ; Details                             ;
+----------+-------+----------+-------------------------------------+
; a[11..0] ; Input ; Info     ; Stuck at GND                        ;
; b[12..0] ; Input ; Info     ; Stuck at GND                        ;
; c[13..0] ; Input ; Info     ; Stuck at GND                        ;
+----------+-------+----------+-------------------------------------+


+-------------------------------------------------------------------+
; Port Connectivity Checks: "TM:multiplier|BWAdder:level1[3].adder" ;
+----------+-------+----------+-------------------------------------+
; Port     ; Type  ; Severity ; Details                             ;
+----------+-------+----------+-------------------------------------+
; a[8..0]  ; Input ; Info     ; Stuck at GND                        ;
; b[9..0]  ; Input ; Info     ; Stuck at GND                        ;
; c[10..0] ; Input ; Info     ; Stuck at GND                        ;
+----------+-------+----------+-------------------------------------+


+-------------------------------------------------------------------+
; Port Connectivity Checks: "TM:multiplier|BWAdder:level1[2].adder" ;
+---------+-------+----------+--------------------------------------+
; Port    ; Type  ; Severity ; Details                              ;
+---------+-------+----------+--------------------------------------+
; a[5..0] ; Input ; Info     ; Stuck at GND                         ;
; b[6..0] ; Input ; Info     ; Stuck at GND                         ;
; c[7..0] ; Input ; Info     ; Stuck at GND                         ;
+---------+-------+----------+--------------------------------------+


+-------------------------------------------------------------------+
; Port Connectivity Checks: "TM:multiplier|BWAdder:level1[1].adder" ;
+---------+-------+----------+--------------------------------------+
; Port    ; Type  ; Severity ; Details                              ;
+---------+-------+----------+--------------------------------------+
; a[2..0] ; Input ; Info     ; Stuck at GND                         ;
; b[3..0] ; Input ; Info     ; Stuck at GND                         ;
; c[4..0] ; Input ; Info     ; Stuck at GND                         ;
+---------+-------+----------+--------------------------------------+


+-------------------------------------------------------------------+
; Port Connectivity Checks: "TM:multiplier|BWAdder:level1[0].adder" ;
+---------+-------+----------+--------------------------------------+
; Port    ; Type  ; Severity ; Details                              ;
+---------+-------+----------+--------------------------------------+
; b[0]    ; Input ; Info     ; Stuck at GND                         ;
; c[1..0] ; Input ; Info     ; Stuck at GND                         ;
+---------+-------+----------+--------------------------------------+


+-----------------------------------------------------+
; Post-Synthesis Netlist Statistics for Top Partition ;
+-----------------------+-----------------------------+
; Type                  ; Count                       ;
+-----------------------+-----------------------------+
; arriav_ff             ; 128                         ;
;     SCLR              ; 128                         ;
; arriav_lcell_comb     ; 3414                        ;
;     normal            ; 3414                        ;
;         2 data inputs ; 396                         ;
;         3 data inputs ; 1245                        ;
;         4 data inputs ; 393                         ;
;         5 data inputs ; 615                         ;
;         6 data inputs ; 765                         ;
; boundary_port         ; 130                         ;
;                       ;                             ;
; Max LUT depth         ; 27.00                       ;
; Average LUT depth     ; 19.17                       ;
+-----------------------+-----------------------------+


+-------------------------------+
; Elapsed Time Per Partition    ;
+----------------+--------------+
; Partition Name ; Elapsed Time ;
+----------------+--------------+
; Top            ; 00:00:22     ;
+----------------+--------------+


+-------------------------------+
; Analysis & Synthesis Messages ;
+-------------------------------+
Info: *******************************************************************
Info: Running Quartus Prime Analysis & Synthesis
    Info: Version 21.1.1 Build 850 06/23/2022 SJ Lite Edition
    Info: Processing started: Sun Dec 24 15:40:57 2023
Info: Command: quartus_map --read_settings_files=on --write_settings_files=off TreeMultiplier -c TreeMultiplier
Warning (18236): Number of processors has not been specified which may cause overloading on shared machines.  Set the global assignment NUM_PARALLEL_PROCESSORS in your QSF to an appropriate value for best performance.
Info (20030): Parallel compilation is enabled and will use 12 of the 12 processors detected
Info (12021): Found 1 design units, including 1 entities, in source file tmseq.v
    Info (12023): Found entity 1: TMSeq File: C:/Users/sofa5/Desktop/VLSI/Multipliers/Tree Multiplier/TMSeq.v Line: 1
Info (12021): Found 1 design units, including 1 entities, in source file regn.v
    Info (12023): Found entity 1: regN File: C:/Users/sofa5/Desktop/VLSI/Multipliers/Tree Multiplier/regN.v Line: 1
Info (12021): Found 1 design units, including 1 entities, in source file fulladder.v
    Info (12023): Found entity 1: FullAdder File: C:/Users/sofa5/Desktop/VLSI/Multipliers/Tree Multiplier/FullAdder.v Line: 1
Warning (10463): Verilog HDL Declaration warning at CRAdder_64.v(16): "bit" is SystemVerilog-2005 keyword File: C:/Users/sofa5/Desktop/VLSI/Multipliers/Tree Multiplier/CRAdder_64.v Line: 16
Info (12021): Found 1 design units, including 1 entities, in source file cradder_64.v
    Info (12023): Found entity 1: CRAdder_64 File: C:/Users/sofa5/Desktop/VLSI/Multipliers/Tree Multiplier/CRAdder_64.v Line: 1
Info (12021): Found 1 design units, including 1 entities, in source file bwadder.v
    Info (12023): Found entity 1: BWAdder File: C:/Users/sofa5/Desktop/VLSI/Multipliers/Tree Multiplier/BWAdder.v Line: 1
Info (12021): Found 1 design units, including 1 entities, in source file tm.v
    Info (12023): Found entity 1: TM File: C:/Users/sofa5/Desktop/VLSI/Multipliers/Tree Multiplier/TM.v Line: 1
Info (12127): Elaborating entity "TMSeq" for the top level hierarchy
Info (12128): Elaborating entity "regN" for hierarchy "regN:regA" File: C:/Users/sofa5/Desktop/VLSI/Multipliers/Tree Multiplier/TMSeq.v Line: 19
Info (12128): Elaborating entity "TM" for hierarchy "TM:multiplier" File: C:/Users/sofa5/Desktop/VLSI/Multipliers/Tree Multiplier/TMSeq.v Line: 30
Info (12128): Elaborating entity "BWAdder" for hierarchy "TM:multiplier|BWAdder:level1[0].adder" File: C:/Users/sofa5/Desktop/VLSI/Multipliers/Tree Multiplier/TM.v Line: 24
Info (12128): Elaborating entity "CRAdder_64" for hierarchy "TM:multiplier|CRAdder_64:CRAdd" File: C:/Users/sofa5/Desktop/VLSI/Multipliers/Tree Multiplier/TM.v Line: 120
Info (12128): Elaborating entity "FullAdder" for hierarchy "TM:multiplier|CRAdder_64:CRAdd|FullAdder:bit0" File: C:/Users/sofa5/Desktop/VLSI/Multipliers/Tree Multiplier/CRAdder_64.v Line: 12
Info (12128): Elaborating entity "regN" for hierarchy "regN:outA" File: C:/Users/sofa5/Desktop/VLSI/Multipliers/Tree Multiplier/TMSeq.v Line: 36
Info (286030): Timing-Driven Synthesis is running
Info (16010): Generating hard_block partition "hard_block:auto_generated_inst"
    Info (16011): Adding 0 node(s), including 0 DDIO, 0 PLL, 0 transceiver and 0 LCELL
Info (21057): Implemented 3608 device resources after synthesis - the final resource count might be different
    Info (21058): Implemented 66 input pins
    Info (21059): Implemented 64 output pins
    Info (21061): Implemented 3478 logic cells
Info: Quartus Prime Analysis & Synthesis was successful. 0 errors, 2 warnings
    Info: Peak virtual memory: 4925 megabytes
    Info: Processing ended: Sun Dec 24 15:41:33 2023
    Info: Elapsed time: 00:00:36
    Info: Total CPU time (on all processors): 00:00:31


